Reusing configuration cache.
> Task :checkKotlinGradlePluginConfigurationErrors SKIPPED
> Task :processTestResources NO-SOURCE
> Task :processResources UP-TO-DATE
> Task :compileKotlin UP-TO-DATE
> Task :compileJava NO-SOURCE
> Task :classes UP-TO-DATE
> Task :jar UP-TO-DATE
> Task :compileTestKotlin UP-TO-DATE
> Task :compileTestJava NO-SOURCE
> Task :testClasses UP-TO-DATE

> Task :test

StundenplanOwnershipIntegrationTest > createRegulaereStunde_succeeds_whenUserIsInstructor() PASSED

StundenplanOwnershipIntegrationTest > createRegulaereStunde_throwsAccessDenied_whenUserIsNotInstructor() FAILED
    org.jetbrains.exposed.exceptions.ExposedSQLException: org.h2.jdbc.JdbcSQLIntegrityConstraintViolationException: Referential integrity constraint violation: "FK_REGULAERE_STUNDE_VORLESUNG_ID__ID: PUBLIC.REGULAERE_STUNDE FOREIGN KEY(VORLESUNG_ID) REFERENCES PUBLIC.VORLESUNG(ID) (1)"; SQL statement:
    DELETE FROM VORLESUNG WHERE VORLESUNG.ID = ? [23503-240]
    SQL: [Failed on expanding args for DELETE: org.jetbrains.exposed.sql.statements.DeleteStatement@101ca8da]
        at app//org.jetbrains.exposed.sql.statements.Statement.executeIn$exposed_core(Statement.kt:64)
        at app//org.jetbrains.exposed.sql.Transaction.exec(Transaction.kt:141)
        at app//org.jetbrains.exposed.sql.Transaction.exec(Transaction.kt:127)
        at app//org.jetbrains.exposed.sql.statements.Statement.execute(Statement.kt:28)
        at app//org.jetbrains.exposed.sql.statements.DeleteStatement$Companion.where(DeleteStatement.kt:32)
        at app//org.jetbrains.exposed.sql.QueriesKt.deleteWhere(Queries.kt:55)
        at app//org.jetbrains.exposed.sql.QueriesKt.deleteWhere$default(Queries.kt:54)
        at app//org.jetbrains.exposed.dao.Entity$delete$1.invoke(Entity.kt:250)
        at app//org.jetbrains.exposed.dao.Entity$delete$1.invoke(Entity.kt:249)
        at app//org.jetbrains.exposed.dao.EntityLifecycleInterceptorKt.executeAsPartOfEntityLifecycle(EntityLifecycleInterceptor.kt:18)
        at app//org.jetbrains.exposed.dao.Entity.delete(Entity.kt:249)
        at app//org.boodle.backend.integration.StundenplanOwnershipIntegrationTest.clearAndSetup$lambda$0(StundenplanOwnershipIntegrationTest.kt:64)
        at app//org.jetbrains.exposed.sql.transactions.ThreadLocalTransactionManagerKt.inTopLevelTransaction$run(ThreadLocalTransactionManager.kt:215)
        at app//org.jetbrains.exposed.sql.transactions.ThreadLocalTransactionManagerKt.access$inTopLevelTransaction$run(ThreadLocalTransactionManager.kt:1)
        at app//org.jetbrains.exposed.sql.transactions.ThreadLocalTransactionManagerKt$inTopLevelTransaction$1.invoke(ThreadLocalTransactionManager.kt:241)
        at app//org.jetbrains.exposed.sql.transactions.ThreadLocalTransactionManagerKt.keepAndRestoreTransactionRefAfterRun(ThreadLocalTransactionManager.kt:249)
        at app//org.jetbrains.exposed.sql.transactions.ThreadLocalTransactionManagerKt.inTopLevelTransaction(ThreadLocalTransactionManager.kt:240)
        at app//org.jetbrains.exposed.sql.transactions.ThreadLocalTransactionManagerKt$transaction$1.invoke(ThreadLocalTransactionManager.kt:190)
        at app//org.jetbrains.exposed.sql.transactions.ThreadLocalTransactionManagerKt.keepAndRestoreTransactionRefAfterRun(ThreadLocalTransactionManager.kt:249)
        at app//org.jetbrains.exposed.sql.transactions.ThreadLocalTransactionManagerKt.transaction(ThreadLocalTransactionManager.kt:160)
        at app//org.jetbrains.exposed.sql.transactions.ThreadLocalTransactionManagerKt.transaction(ThreadLocalTransactionManager.kt:146)
        at app//org.jetbrains.exposed.sql.transactions.ThreadLocalTransactionManagerKt.transaction$default(ThreadLocalTransactionManager.kt:145)
        at app//org.boodle.backend.integration.StundenplanOwnershipIntegrationTest.clearAndSetup(StundenplanOwnershipIntegrationTest.kt:63)

        Caused by:
        org.h2.jdbc.JdbcSQLIntegrityConstraintViolationException: Referential integrity constraint violation: "FK_REGULAERE_STUNDE_VORLESUNG_ID__ID: PUBLIC.REGULAERE_STUNDE FOREIGN KEY(VORLESUNG_ID) REFERENCES PUBLIC.VORLESUNG(ID) (1)"; SQL statement:
        DELETE FROM VORLESUNG WHERE VORLESUNG.ID = ? [23503-240]
            at app//org.h2.message.DbException.getJdbcSQLException(DbException.java:520)
            at app//org.h2.message.DbException.getJdbcSQLException(DbException.java:489)
            at app//org.h2.message.DbException.get(DbException.java:223)
            at app//org.h2.message.DbException.get(DbException.java:199)
            at app//org.h2.constraint.ConstraintReferential.checkRow(ConstraintReferential.java:363)
            at app//org.h2.constraint.ConstraintReferential.checkRowRefTable(ConstraintReferential.java:380)
            at app//org.h2.constraint.ConstraintReferential.checkRow(ConstraintReferential.java:254)
            at app//org.h2.table.Table.fireConstraints(Table.java:1208)
            at app//org.h2.table.Table.fireAfterRow(Table.java:1226)
            at app//org.h2.command.dml.Delete.update(Delete.java:81)
            at app//org.h2.command.dml.DataChangeStatement.update(DataChangeStatement.java:77)
            at app//org.h2.command.CommandContainer.update(CommandContainer.java:139)
            at app//org.h2.command.Command.executeUpdate(Command.java:306)
            at app//org.h2.command.Command.executeUpdate(Command.java:250)
            at app//org.h2.jdbc.JdbcPreparedStatement.executeUpdateInternal(JdbcPreparedStatement.java:213)
            at app//org.h2.jdbc.JdbcPreparedStatement.executeUpdate(JdbcPreparedStatement.java:172)
            at app//org.jetbrains.exposed.sql.statements.jdbc.JdbcPreparedStatementImpl.executeUpdate(JdbcPreparedStatementImpl.kt:26)
            at app//org.jetbrains.exposed.sql.statements.DeleteStatement.executeInternal(DeleteStatement.kt:19)
            at app//org.jetbrains.exposed.sql.statements.DeleteStatement.executeInternal(DeleteStatement.kt:10)
            at app//org.jetbrains.exposed.sql.statements.Statement.executeIn$exposed_core(Statement.kt:62)
            ... 22 more

StundenplanOwnershipIntegrationTest > deleteRegulaereStunde_throwsAccessDenied_whenUserIsNotInstructor() FAILED
    org.jetbrains.exposed.exceptions.ExposedSQLException: org.h2.jdbc.JdbcSQLIntegrityConstraintViolationException: Referential integrity constraint violation: "FK_REGULAERE_STUNDE_VORLESUNG_ID__ID: PUBLIC.REGULAERE_STUNDE FOREIGN KEY(VORLESUNG_ID) REFERENCES PUBLIC.VORLESUNG(ID) (1)"; SQL statement:
    DELETE FROM VORLESUNG WHERE VORLESUNG.ID = ? [23503-240]
    SQL: [Failed on expanding args for DELETE: org.jetbrains.exposed.sql.statements.DeleteStatement@2539cd1c]
        at app//org.jetbrains.exposed.sql.statements.Statement.executeIn$exposed_core(Statement.kt:64)
        at app//org.jetbrains.exposed.sql.Transaction.exec(Transaction.kt:141)
        at app//org.jetbrains.exposed.sql.Transaction.exec(Transaction.kt:127)
        at app//org.jetbrains.exposed.sql.statements.Statement.execute(Statement.kt:28)
        at app//org.jetbrains.exposed.sql.statements.DeleteStatement$Companion.where(DeleteStatement.kt:32)
        at app//org.jetbrains.exposed.sql.QueriesKt.deleteWhere(Queries.kt:55)
        at app//org.jetbrains.exposed.sql.QueriesKt.deleteWhere$default(Queries.kt:54)
        at app//org.jetbrains.exposed.dao.Entity$delete$1.invoke(Entity.kt:250)
        at app//org.jetbrains.exposed.dao.Entity$delete$1.invoke(Entity.kt:249)
        at app//org.jetbrains.exposed.dao.EntityLifecycleInterceptorKt.executeAsPartOfEntityLifecycle(EntityLifecycleInterceptor.kt:18)
        at app//org.jetbrains.exposed.dao.Entity.delete(Entity.kt:249)
        at app//org.boodle.backend.integration.StundenplanOwnershipIntegrationTest.clearAndSetup$lambda$0(StundenplanOwnershipIntegrationTest.kt:64)
        at app//org.jetbrains.exposed.sql.transactions.ThreadLocalTransactionManagerKt.inTopLevelTransaction$run(ThreadLocalTransactionManager.kt:215)
        at app//org.jetbrains.exposed.sql.transactions.ThreadLocalTransactionManagerKt.access$inTopLevelTransaction$run(ThreadLocalTransactionManager.kt:1)
        at app//org.jetbrains.exposed.sql.transactions.ThreadLocalTransactionManagerKt$inTopLevelTransaction$1.invoke(ThreadLocalTransactionManager.kt:241)
        at app//org.jetbrains.exposed.sql.transactions.ThreadLocalTransactionManagerKt.keepAndRestoreTransactionRefAfterRun(ThreadLocalTransactionManager.kt:249)
        at app//org.jetbrains.exposed.sql.transactions.ThreadLocalTransactionManagerKt.inTopLevelTransaction(ThreadLocalTransactionManager.kt:240)
        at app//org.jetbrains.exposed.sql.transactions.ThreadLocalTransactionManagerKt$transaction$1.invoke(ThreadLocalTransactionManager.kt:190)
        at app//org.jetbrains.exposed.sql.transactions.ThreadLocalTransactionManagerKt.keepAndRestoreTransactionRefAfterRun(ThreadLocalTransactionManager.kt:249)
        at app//org.jetbrains.exposed.sql.transactions.ThreadLocalTransactionManagerKt.transaction(ThreadLocalTransactionManager.kt:160)
        at app//org.jetbrains.exposed.sql.transactions.ThreadLocalTransactionManagerKt.transaction(ThreadLocalTransactionManager.kt:146)
        at app//org.jetbrains.exposed.sql.transactions.ThreadLocalTransactionManagerKt.transaction$default(ThreadLocalTransactionManager.kt:145)
        at app//org.boodle.backend.integration.StundenplanOwnershipIntegrationTest.clearAndSetup(StundenplanOwnershipIntegrationTest.kt:63)

        Caused by:
        org.h2.jdbc.JdbcSQLIntegrityConstraintViolationException: Referential integrity constraint violation: "FK_REGULAERE_STUNDE_VORLESUNG_ID__ID: PUBLIC.REGULAERE_STUNDE FOREIGN KEY(VORLESUNG_ID) REFERENCES PUBLIC.VORLESUNG(ID) (1)"; SQL statement:
        DELETE FROM VORLESUNG WHERE VORLESUNG.ID = ? [23503-240]
            at app//org.h2.message.DbException.getJdbcSQLException(DbException.java:520)
            at app//org.h2.message.DbException.getJdbcSQLException(DbException.java:489)
            at app//org.h2.message.DbException.get(DbException.java:223)
            at app//org.h2.message.DbException.get(DbException.java:199)
            at app//org.h2.constraint.ConstraintReferential.checkRow(ConstraintReferential.java:363)
            at app//org.h2.constraint.ConstraintReferential.checkRowRefTable(ConstraintReferential.java:380)
            at app//org.h2.constraint.ConstraintReferential.checkRow(ConstraintReferential.java:254)
            at app//org.h2.table.Table.fireConstraints(Table.java:1208)
            at app//org.h2.table.Table.fireAfterRow(Table.java:1226)
            at app//org.h2.command.dml.Delete.update(Delete.java:81)
            at app//org.h2.command.dml.DataChangeStatement.update(DataChangeStatement.java:77)
            at app//org.h2.command.CommandContainer.update(CommandContainer.java:139)
            at app//org.h2.command.Command.executeUpdate(Command.java:306)
            at app//org.h2.command.Command.executeUpdate(Command.java:250)
            at app//org.h2.jdbc.JdbcPreparedStatement.executeUpdateInternal(JdbcPreparedStatement.java:213)
            at app//org.h2.jdbc.JdbcPreparedStatement.executeUpdate(JdbcPreparedStatement.java:172)
            at app//org.jetbrains.exposed.sql.statements.jdbc.JdbcPreparedStatementImpl.executeUpdate(JdbcPreparedStatementImpl.kt:26)
            at app//org.jetbrains.exposed.sql.statements.DeleteStatement.executeInternal(DeleteStatement.kt:19)
            at app//org.jetbrains.exposed.sql.statements.DeleteStatement.executeInternal(DeleteStatement.kt:10)
            at app//org.jetbrains.exposed.sql.statements.Statement.executeIn$exposed_core(Statement.kt:62)
            ... 22 more

.\gradlew.bat : Java HotSpot(TM) 64-Bit Server VM warning: Sharing is only 
supported for boot loader classes because bootstrap classpath has been appended
At line:1 char:29
+ cd "C:/DEV/Boodle/backend"; .\gradlew.bat test 2>&1 | Tee-Object -Fil ...
+                             ~~~~~~~~~~~~~~~~~~~~~~~
    + CategoryInfo          : NotSpecified: (Java HotSpot(TM...s been appended 
   :String) [], RemoteException
    + FullyQualifiedErrorId : NativeCommandError
 
Java HotSpot(TM) 64-Bit Server VM warning: Sharing is only supported for boot 
loader classes because bootstrap classpath has been appended

> Task :test

BackendApplicationTests > contextLoads() PASSED

AuthControllerMockingTest > login_returnsUnauthorized_whenUserDoesNotExist() PASSED

AuthControllerMockingTest > login_returnsUnauthorized_whenPasswordDoesNotMatch() PASSED

CourseControllerMockingTest > createKurs_returnsBadRequest_whenInputInvalid() PASSED

CourseControllerMockingTest > createKurs_returnsCreated_whenServiceSucceeds() PASSED

CourseControllerMockingTest > enrollStudentToKurs_returnsCreated_whenServiceSucceeds() PASSED

CourseControllerMockingTest > getStudentsForKurs_returnsLookupResults() PASSED

CourseControllerMockingTest > searchKurse_returnsLookupResults() PASSED

LectureControllerMockingTest > searchVorlesungen_returnsLookupResults() PASSED

LectureControllerMockingTest > enrollStudent_returnsCreated_whenEnrollmentSucceeds() PASSED

LectureControllerMockingTest > enrollStudent_returnsConflict_whenAlreadyEnrolled() PASSED

LectureControllerMockingTest > getAllVorlesungen_returnsDataFromService() PASSED

StundenplanControllerMockingTest > createRegular_returnsConflict_whenRoomIsDoubleBooked() PASSED

StundenplanControllerMockingTest > createRegular_returnsCreated_whenServiceSucceeds() PASSED

StundenplanControllerMockingTest > createRegular_returnsBadRequest_whenValidationFails() PASSED

UserControllerMockingTest > createUser_returnsConflict_whenMatrAlreadyExists() PASSED

UserControllerMockingTest > searchUsers_returnsLookupResults() PASSED

JwtTokenServiceIntegrationTest > generateToken_andParseClaims_roundTripsExpectedValues() PASSED

KursEnrollmentIntegrationTest > unenrollStudentFromKurs_removesAssignment() PASSED

KursEnrollmentIntegrationTest > enrollStudentToKurs_throwsOnDuplicateEnrollment() PASSED

KursEnrollmentIntegrationTest > enrollStudentToKurs_persistsEnrollmentAndReturnsStudentDetails() PASSED

KursOwnershipIntegrationTest > updateKurs_throwsAccessDenied_whenUserIsNotInstructor() PASSED

KursOwnershipIntegrationTest > deleteKurs_succeeds_whenUserIsInstructor() PASSED

KursOwnershipIntegrationTest > deleteKurs_throwsAccessDenied_whenUserIsNotInstructor() PASSED

KursOwnershipIntegrationTest > updateKurs_succeeds_whenUserIsInstructor() PASSED

KursServiceIntegrationTest > createKurs_throwsWhenDozentIsMissing() PASSED

KursServiceIntegrationTest > createKurs_persistsCourseAndNormalizesName() PASSED

LectureEnrollmentIntegrationTest > enrollStudentDirect_throwsWhenStudentMissing() PASSED

LectureEnrollmentIntegrationTest > enrollStudentDirect_throwsOnDuplicateEnrollment() PASSED

LectureEnrollmentIntegrationTest > enrollStudentDirect_persistsEnrollmentAndReturnsStudent() PASSED

StundenplanServiceIntegrationTest > createRegulaereStunde_throwsWhenOnlineHasRoom() PASSED

StundenplanServiceIntegrationTest > createRegulaereStunde_throwsOnRoomConflictWithRegularSlot() PASSED

StundenplanServiceIntegrationTest > createRegulaereStunde_createsOfflineSlotWithRoom() PASSED

StundenplanServiceIntegrationTest > createUnregulaereStunde_throwsOnRoomConflictWithRegularSlot() PASSED

UserServiceIntegrationTest > createUser_persistsAndNormalizesEmail() PASSED

2026-04-08T17:54:33.070+02:00  INFO 21188 --- [backend] [ionShutdownHook] com.zaxxer.hikari.HikariDataSource       : HikariPool-1 - Shutdown initiated...
2026-04-08T17:54:33.074+02:00  INFO 21188 --- [backend] [ionShutdownHook] com.zaxxer.hikari.HikariDataSource       : HikariPool-1 - Shutdown completed.

> Task :test FAILED

38 tests completed, 2 failed

FAILURE: Build failed with an exception.

* What went wrong:
Execution failed for task ':test'.
> There were failing tests. See the report at: 
file:///C:/DEV/Boodle/backend/build/reports/tests/test/index.html

* Try:
> Run with --scan to get full insights from a Build Scan (powered by 
Develocity).

BUILD FAILED in 7s
5 actionable tasks: 1 executed, 4 up-to-date
Configuration cache entry reused.
