Calculating task graph as configuration cache cannot be reused because system property 'stderr.encoding' has changed.
> Task :checkKotlinGradlePluginConfigurationErrors SKIPPED
> Task :processTestResources NO-SOURCE
> Task :processResources UP-TO-DATE
> Task :compileKotlin UP-TO-DATE
> Task :compileJava NO-SOURCE
> Task :classes UP-TO-DATE
> Task :jar UP-TO-DATE
> Task :compileTestKotlin UP-TO-DATE
> Task :compileTestJava NO-SOURCE
> Task :testClasses UP-TO-DATE

> Task :test FAILED

StundenplanOwnershipIntegrationTest > createRegulaereStunde_succeeds_whenUserIsInstructor() PASSED

StundenplanOwnershipIntegrationTest > createRegulaereStunde_throwsAccessDenied_whenUserIsNotInstructor() FAILED
    org.jetbrains.exposed.exceptions.ExposedSQLException: org.h2.jdbc.JdbcSQLIntegrityConstraintViolationException: Referential integrity constraint violation: "FK_REGULAERE_STUNDE_VORLESUNG_ID__ID: PUBLIC.REGULAERE_STUNDE FOREIGN KEY(VORLESUNG_ID) REFERENCES PUBLIC.VORLESUNG(ID) (1)"; SQL statement:
    DELETE FROM VORLESUNG WHERE VORLESUNG.ID = ? [23503-240]
    SQL: [Failed on expanding args for DELETE: org.jetbrains.exposed.sql.statements.DeleteStatement@34d713a2]
        at app//org.jetbrains.exposed.sql.statements.Statement.executeIn$exposed_core(Statement.kt:64)
        at app//org.jetbrains.exposed.sql.Transaction.exec(Transaction.kt:141)
        at app//org.jetbrains.exposed.sql.Transaction.exec(Transaction.kt:127)
        at app//org.jetbrains.exposed.sql.statements.Statement.execute(Statement.kt:28)
        at app//org.jetbrains.exposed.sql.statements.DeleteStatement$Companion.where(DeleteStatement.kt:32)
        at app//org.jetbrains.exposed.sql.QueriesKt.deleteWhere(Queries.kt:55)
        at app//org.jetbrains.exposed.sql.QueriesKt.deleteWhere$default(Queries.kt:54)
        at app//org.jetbrains.exposed.dao.Entity$delete$1.invoke(Entity.kt:250)
        at app//org.jetbrains.exposed.dao.Entity$delete$1.invoke(Entity.kt:249)
        at app//org.jetbrains.exposed.dao.EntityLifecycleInterceptorKt.executeAsPartOfEntityLifecycle(EntityLifecycleInterceptor.kt:18)
        at app//org.jetbrains.exposed.dao.Entity.delete(Entity.kt:249)
        at app//org.boodle.backend.integration.StundenplanOwnershipIntegrationTest.clearAndSetup$lambda$0(StundenplanOwnershipIntegrationTest.kt:64)
        at app//org.jetbrains.exposed.sql.transactions.ThreadLocalTransactionManagerKt.inTopLevelTransaction$run(ThreadLocalTransactionManager.kt:215)
        at app//org.jetbrains.exposed.sql.transactions.ThreadLocalTransactionManagerKt.access$inTopLevelTransaction$run(ThreadLocalTransactionManager.kt:1)
        at app//org.jetbrains.exposed.sql.transactions.ThreadLocalTransactionManagerKt$inTopLevelTransaction$1.invoke(ThreadLocalTransactionManager.kt:241)
        at app//org.jetbrains.exposed.sql.transactions.ThreadLocalTransactionManagerKt.keepAndRestoreTransactionRefAfterRun(ThreadLocalTransactionManager.kt:249)
        at app//org.jetbrains.exposed.sql.transactions.ThreadLocalTransactionManagerKt.inTopLevelTransaction(ThreadLocalTransactionManager.kt:240)
        at app//org.jetbrains.exposed.sql.transactions.ThreadLocalTransactionManagerKt$transaction$1.invoke(ThreadLocalTransactionManager.kt:190)
        at app//org.jetbrains.exposed.sql.transactions.ThreadLocalTransactionManagerKt.keepAndRestoreTransactionRefAfterRun(ThreadLocalTransactionManager.kt:249)
        at app//org.jetbrains.exposed.sql.transactions.ThreadLocalTransactionManagerKt.transaction(ThreadLocalTransactionManager.kt:160)
        at app//org.jetbrains.exposed.sql.transactions.ThreadLocalTransactionManagerKt.transaction(ThreadLocalTransactionManager.kt:146)
        at app//org.jetbrains.exposed.sql.transactions.ThreadLocalTransactionManagerKt.transaction$default(ThreadLocalTransactionManager.kt:145)
        at app//org.boodle.backend.integration.StundenplanOwnershipIntegrationTest.clearAndSetup(StundenplanOwnershipIntegrationTest.kt:63)

        Caused by:
        org.h2.jdbc.JdbcSQLIntegrityConstraintViolationException: Referential integrity constraint violation: "FK_REGULAERE_STUNDE_VORLESUNG_ID__ID: PUBLIC.REGULAERE_STUNDE FOREIGN KEY(VORLESUNG_ID) REFERENCES PUBLIC.VORLESUNG(ID) (1)"; SQL statement:
        DELETE FROM VORLESUNG WHERE VORLESUNG.ID = ? [23503-240]
            at app//org.h2.message.DbException.getJdbcSQLException(DbException.java:520)
            at app//org.h2.message.DbException.getJdbcSQLException(DbException.java:489)
            at app//org.h2.message.DbException.get(DbException.java:223)
            at app//org.h2.message.DbException.get(DbException.java:199)
            at app//org.h2.constraint.ConstraintReferential.checkRow(ConstraintReferential.java:363)
            at app//org.h2.constraint.ConstraintReferential.checkRowRefTable(ConstraintReferential.java:380)
            at app//org.h2.constraint.ConstraintReferential.checkRow(ConstraintReferential.java:254)
            at app//org.h2.table.Table.fireConstraints(Table.java:1208)
            at app//org.h2.table.Table.fireAfterRow(Table.java:1226)
            at app//org.h2.command.dml.Delete.update(Delete.java:81)
            at app//org.h2.command.dml.DataChangeStatement.update(DataChangeStatement.java:77)
            at app//org.h2.command.CommandContainer.update(CommandContainer.java:139)
            at app//org.h2.command.Command.executeUpdate(Command.java:306)
            at app//org.h2.command.Command.executeUpdate(Command.java:250)
            at app//org.h2.jdbc.JdbcPreparedStatement.executeUpdateInternal(JdbcPreparedStatement.java:213)
            at app//org.h2.jdbc.JdbcPreparedStatement.executeUpdate(JdbcPreparedStatement.java:172)
            at app//org.jetbrains.exposed.sql.statements.jdbc.JdbcPreparedStatementImpl.executeUpdate(JdbcPreparedStatementImpl.kt:26)
            at app//org.jetbrains.exposed.sql.statements.DeleteStatement.executeInternal(DeleteStatement.kt:19)
            at app//org.jetbrains.exposed.sql.statements.DeleteStatement.executeInternal(DeleteStatement.kt:10)
            at app//org.jetbrains.exposed.sql.statements.Statement.executeIn$exposed_core(Statement.kt:62)
            ... 22 more

StundenplanOwnershipIntegrationTest > deleteRegulaereStunde_throwsAccessDenied_whenUserIsNotInstructor() FAILED
    org.jetbrains.exposed.exceptions.ExposedSQLException: org.h2.jdbc.JdbcSQLIntegrityConstraintViolationException: Referential integrity constraint violation: "FK_REGULAERE_STUNDE_VORLESUNG_ID__ID: PUBLIC.REGULAERE_STUNDE FOREIGN KEY(VORLESUNG_ID) REFERENCES PUBLIC.VORLESUNG(ID) (1)"; SQL statement:
    DELETE FROM VORLESUNG WHERE VORLESUNG.ID = ? [23503-240]
    SQL: [Failed on expanding args for DELETE: org.jetbrains.exposed.sql.statements.DeleteStatement@17dad32f]
        at app//org.jetbrains.exposed.sql.statements.Statement.executeIn$exposed_core(Statement.kt:64)
        at app//org.jetbrains.exposed.sql.Transaction.exec(Transaction.kt:141)
        at app//org.jetbrains.exposed.sql.Transaction.exec(Transaction.kt:127)
        at app//org.jetbrains.exposed.sql.statements.Statement.execute(Statement.kt:28)
        at app//org.jetbrains.exposed.sql.statements.DeleteStatement$Companion.where(DeleteStatement.kt:32)
        at app//org.jetbrains.exposed.sql.QueriesKt.deleteWhere(Queries.kt:55)
        at app//org.jetbrains.exposed.sql.QueriesKt.deleteWhere$default(Queries.kt:54)
        at app//org.jetbrains.exposed.dao.Entity$delete$1.invoke(Entity.kt:250)
        at app//org.jetbrains.exposed.dao.Entity$delete$1.invoke(Entity.kt:249)
        at app//org.jetbrains.exposed.dao.EntityLifecycleInterceptorKt.executeAsPartOfEntityLifecycle(EntityLifecycleInterceptor.kt:18)
        at app//org.jetbrains.exposed.dao.Entity.delete(Entity.kt:249)
        at app//org.boodle.backend.integration.StundenplanOwnershipIntegrationTest.clearAndSetup$lambda$0(StundenplanOwnershipIntegrationTest.kt:64)
        at app//org.jetbrains.exposed.sql.transactions.ThreadLocalTransactionManagerKt.inTopLevelTransaction$run(ThreadLocalTransactionManager.kt:215)
        at app//org.jetbrains.exposed.sql.transactions.ThreadLocalTransactionManagerKt.access$inTopLevelTransaction$run(ThreadLocalTransactionManager.kt:1)
        at app//org.jetbrains.exposed.sql.transactions.ThreadLocalTransactionManagerKt$inTopLevelTransaction$1.invoke(ThreadLocalTransactionManager.kt:241)
        at app//org.jetbrains.exposed.sql.transactions.ThreadLocalTransactionManagerKt.keepAndRestoreTransactionRefAfterRun(ThreadLocalTransactionManager.kt:249)
        at app//org.jetbrains.exposed.sql.transactions.ThreadLocalTransactionManagerKt.inTopLevelTransaction(ThreadLocalTransactionManager.kt:240)
        at app//org.jetbrains.exposed.sql.transactions.ThreadLocalTransactionManagerKt$transaction$1.invoke(ThreadLocalTransactionManager.kt:190)
        at app//org.jetbrains.exposed.sql.transactions.ThreadLocalTransactionManagerKt.keepAndRestoreTransactionRefAfterRun(ThreadLocalTransactionManager.kt:249)
        at app//org.jetbrains.exposed.sql.transactions.ThreadLocalTransactionManagerKt.transaction(ThreadLocalTransactionManager.kt:160)
        at app//org.jetbrains.exposed.sql.transactions.ThreadLocalTransactionManagerKt.transaction(ThreadLocalTransactionManager.kt:146)
        at app//org.jetbrains.exposed.sql.transactions.ThreadLocalTransactionManagerKt.transaction$default(ThreadLocalTransactionManager.kt:145)
        at app//org.boodle.backend.integration.StundenplanOwnershipIntegrationTest.clearAndSetup(StundenplanOwnershipIntegrationTest.kt:63)

        Caused by:
        org.h2.jdbc.JdbcSQLIntegrityConstraintViolationException: Referential integrity constraint violation: "FK_REGULAERE_STUNDE_VORLESUNG_ID__ID: PUBLIC.REGULAERE_STUNDE FOREIGN KEY(VORLESUNG_ID) REFERENCES PUBLIC.VORLESUNG(ID) (1)"; SQL statement:
        DELETE FROM VORLESUNG WHERE VORLESUNG.ID = ? [23503-240]
            at app//org.h2.message.DbException.getJdbcSQLException(DbException.java:520)
            at app//org.h2.message.DbException.getJdbcSQLException(DbException.java:489)
            at app//org.h2.message.DbException.get(DbException.java:223)
            at app//org.h2.message.DbException.get(DbException.java:199)
            at app//org.h2.constraint.ConstraintReferential.checkRow(ConstraintReferential.java:363)
            at app//org.h2.constraint.ConstraintReferential.checkRowRefTable(ConstraintReferential.java:380)
            at app//org.h2.constraint.ConstraintReferential.checkRow(ConstraintReferential.java:254)
            at app//org.h2.table.Table.fireConstraints(Table.java:1208)
            at app//org.h2.table.Table.fireAfterRow(Table.java:1226)
            at app//org.h2.command.dml.Delete.update(Delete.java:81)
            at app//org.h2.command.dml.DataChangeStatement.update(DataChangeStatement.java:77)
            at app//org.h2.command.CommandContainer.update(CommandContainer.java:139)
            at app//org.h2.command.Command.executeUpdate(Command.java:306)
            at app//org.h2.command.Command.executeUpdate(Command.java:250)
            at app//org.h2.jdbc.JdbcPreparedStatement.executeUpdateInternal(JdbcPreparedStatement.java:213)
            at app//org.h2.jdbc.JdbcPreparedStatement.executeUpdate(JdbcPreparedStatement.java:172)
            at app//org.jetbrains.exposed.sql.statements.jdbc.JdbcPreparedStatementImpl.executeUpdate(JdbcPreparedStatementImpl.kt:26)
            at app//org.jetbrains.exposed.sql.statements.DeleteStatement.executeInternal(DeleteStatement.kt:19)
            at app//org.jetbrains.exposed.sql.statements.DeleteStatement.executeInternal(DeleteStatement.kt:10)
            at app//org.jetbrains.exposed.sql.statements.Statement.executeIn$exposed_core(Statement.kt:62)
            ... 22 more

KursOwnershipIntegrationTest > updateKurs_throwsAccessDenied_whenUserIsNotInstructor() FAILED
    org.jetbrains.exposed.exceptions.ExposedSQLException: org.h2.jdbc.JdbcSQLSyntaxErrorException: Table "KURS" not found (this database is empty); SQL statement:
    SELECT KURS.ID, KURS."NAME", KURS.DOZENT_MATR, KURS.KURSSPRECHER1_MATR, KURS.KURSSPRECHER2_MATR, KURS.CREATED_AT, KURS.UPDATED_AT FROM KURS [42104-240]
    SQL: [Failed on expanding args for SELECT: org.jetbrains.exposed.sql.Query@383c3eb3]
        at app//org.jetbrains.exposed.sql.statements.Statement.executeIn$exposed_core(Statement.kt:49)
        at app//org.jetbrains.exposed.sql.Transaction.exec(Transaction.kt:141)
        at app//org.jetbrains.exposed.sql.Transaction.exec(Transaction.kt:127)
        at app//org.jetbrains.exposed.sql.AbstractQuery.iterator(AbstractQuery.kt:61)
        at app//org.jetbrains.exposed.sql.IterableExKt$mapLazy$1.iterator(IterableEx.kt:136)
        at app//org.boodle.backend.integration.KursOwnershipIntegrationTest.clearAndSetup$lambda$0(KursOwnershipIntegrationTest.kt:204)
        at app//org.jetbrains.exposed.sql.transactions.ThreadLocalTransactionManagerKt.inTopLevelTransaction$run(ThreadLocalTransactionManager.kt:215)
        at app//org.jetbrains.exposed.sql.transactions.ThreadLocalTransactionManagerKt.access$inTopLevelTransaction$run(ThreadLocalTransactionManager.kt:1)
        at app//org.jetbrains.exposed.sql.transactions.ThreadLocalTransactionManagerKt$inTopLevelTransaction$1.invoke(ThreadLocalTransactionManager.kt:241)
        at app//org.jetbrains.exposed.sql.transactions.ThreadLocalTransactionManagerKt.keepAndRestoreTransactionRefAfterRun(ThreadLocalTransactionManager.kt:249)
        at app//org.jetbrains.exposed.sql.transactions.ThreadLocalTransactionManagerKt.inTopLevelTransaction(ThreadLocalTransactionManager.kt:240)
        at app//org.jetbrains.exposed.sql.transactions.ThreadLocalTransactionManagerKt$transaction$1.invoke(ThreadLocalTransactionManager.kt:190)
        at app//org.jetbrains.exposed.sql.transactions.ThreadLocalTransactionManagerKt.keepAndRestoreTransactionRefAfterRun(ThreadLocalTransactionManager.kt:249)
        at app//org.jetbrains.exposed.sql.transactions.ThreadLocalTransactionManagerKt.transaction(ThreadLocalTransactionManager.kt:160)
        at app//org.jetbrains.exposed.sql.transactions.ThreadLocalTransactionManagerKt.transaction(ThreadLocalTransactionManager.kt:146)
        at app//org.jetbrains.exposed.sql.transactions.ThreadLocalTransactionManagerKt.transaction$default(ThreadLocalTransactionManager.kt:145)
        at app//org.boodle.backend.integration.KursOwnershipIntegrationTest.clearAndSetup(KursOwnershipIntegrationTest.kt:48)

        Caused by:
        org.h2.jdbc.JdbcSQLSyntaxErrorException: Table "KURS" not found (this database is empty); SQL statement:
        SELECT KURS.ID, KURS."NAME", KURS.DOZENT_MATR, KURS.KURSSPRECHER1_MATR, KURS.KURSSPRECHER2_MATR, KURS.CREATED_AT, KURS.UPDATED_AT FROM KURS [42104-240]
            at app//org.h2.message.DbException.getJdbcSQLException(DbException.java:514)
            at app//org.h2.message.DbException.getJdbcSQLException(DbException.java:489)
            at app//org.h2.message.DbException.get(DbException.java:223)
            at app//org.h2.message.DbException.get(DbException.java:199)
            at app//org.h2.command.Parser.getTableOrViewNotFoundDbException(Parser.java:8036)
            at app//org.h2.command.Parser.getTableOrViewNotFoundDbException(Parser.java:8020)
            at app//org.h2.command.Parser.readTableOrView(Parser.java:7999)
            at app//org.h2.command.Parser.readTablePrimary(Parser.java:1772)
            at app//org.h2.command.Parser.readTableReference(Parser.java:2252)
            at app//org.h2.command.Parser.parseSelectFromPart(Parser.java:2705)
            at app//org.h2.command.Parser.parseSelect(Parser.java:2813)
            at app//org.h2.command.Parser.parseQueryPrimary(Parser.java:2695)
            at app//org.h2.command.Parser.parseQueryTerm(Parser.java:2550)
            at app//org.h2.command.Parser.parseQueryExpressionBody(Parser.java:2529)
            at app//org.h2.command.Parser.parseQueryExpressionBodyAndEndOfQuery(Parser.java:2522)
            at app//org.h2.command.Parser.parseQueryExpression(Parser.java:2515)
            at app//org.h2.command.Parser.parseQuery(Parser.java:2482)
            at app//org.h2.command.Parser.parsePrepared(Parser.java:613)
            at app//org.h2.command.Parser.parse(Parser.java:584)
            at app//org.h2.command.Parser.parse(Parser.java:559)
            at app//org.h2.command.Parser.prepareCommand(Parser.java:487)
            at app//org.h2.engine.SessionLocal.prepareLocal(SessionLocal.java:647)
            at app//org.h2.engine.SessionLocal.prepareCommand(SessionLocal.java:563)
            at app//org.h2.jdbc.JdbcConnection.prepareCommand(JdbcConnection.java:1160)
            at app//org.h2.jdbc.JdbcPreparedStatement.<init>(JdbcPreparedStatement.java:93)
            at app//org.h2.jdbc.JdbcConnection.prepareStatement(JdbcConnection.java:1089)
            at app//org.jetbrains.exposed.sql.statements.jdbc.JdbcConnectionImpl.prepareStatement(JdbcConnectionImpl.kt:77)
            at app//org.jetbrains.exposed.sql.statements.Statement.prepared(Statement.kt:24)
            at app//org.jetbrains.exposed.sql.statements.Statement.executeIn$exposed_core(Statement.kt:47)
            ... 16 more

KursOwnershipIntegrationTest > deleteKurs_succeeds_whenUserIsInstructor() FAILED
    org.jetbrains.exposed.exceptions.ExposedSQLException: org.h2.jdbc.JdbcSQLSyntaxErrorException: Table "KURS" not found (this database is empty); SQL statement:
    SELECT KURS.ID, KURS."NAME", KURS.DOZENT_MATR, KURS.KURSSPRECHER1_MATR, KURS.KURSSPRECHER2_MATR, KURS.CREATED_AT, KURS.UPDATED_AT FROM KURS [42104-240]
    SQL: [Failed on expanding args for SELECT: org.jetbrains.exposed.sql.Query@54c622a7]
        at app//org.jetbrains.exposed.sql.statements.Statement.executeIn$exposed_core(Statement.kt:49)
        at app//org.jetbrains.exposed.sql.Transaction.exec(Transaction.kt:141)
        at app//org.jetbrains.exposed.sql.Transaction.exec(Transaction.kt:127)
        at app//org.jetbrains.exposed.sql.AbstractQuery.iterator(AbstractQuery.kt:61)
        at app//org.jetbrains.exposed.sql.IterableExKt$mapLazy$1.iterator(IterableEx.kt:136)
        at app//org.boodle.backend.integration.KursOwnershipIntegrationTest.clearAndSetup$lambda$0(KursOwnershipIntegrationTest.kt:204)
        at app//org.jetbrains.exposed.sql.transactions.ThreadLocalTransactionManagerKt.inTopLevelTransaction$run(ThreadLocalTransactionManager.kt:215)
        at app//org.jetbrains.exposed.sql.transactions.ThreadLocalTransactionManagerKt.access$inTopLevelTransaction$run(ThreadLocalTransactionManager.kt:1)
        at app//org.jetbrains.exposed.sql.transactions.ThreadLocalTransactionManagerKt$inTopLevelTransaction$1.invoke(ThreadLocalTransactionManager.kt:241)
        at app//org.jetbrains.exposed.sql.transactions.ThreadLocalTransactionManagerKt.keepAndRestoreTransactionRefAfterRun(ThreadLocalTransactionManager.kt:249)
        at app//org.jetbrains.exposed.sql.transactions.ThreadLocalTransactionManagerKt.inTopLevelTransaction(ThreadLocalTransactionManager.kt:240)
        at app//org.jetbrains.exposed.sql.transactions.ThreadLocalTransactionManagerKt$transaction$1.invoke(ThreadLocalTransactionManager.kt:190)
        at app//org.jetbrains.exposed.sql.transactions.ThreadLocalTransactionManagerKt.keepAndRestoreTransactionRefAfterRun(ThreadLocalTransactionManager.kt:249)
        at app//org.jetbrains.exposed.sql.transactions.ThreadLocalTransactionManagerKt.transaction(ThreadLocalTransactionManager.kt:160)
        at app//org.jetbrains.exposed.sql.transactions.ThreadLocalTransactionManagerKt.transaction(ThreadLocalTransactionManager.kt:146)
        at app//org.jetbrains.exposed.sql.transactions.ThreadLocalTransactionManagerKt.transaction$default(ThreadLocalTransactionManager.kt:145)
        at app//org.boodle.backend.integration.KursOwnershipIntegrationTest.clearAndSetup(KursOwnershipIntegrationTest.kt:48)

        Caused by:
        org.h2.jdbc.JdbcSQLSyntaxErrorException: Table "KURS" not found (this database is empty); SQL statement:
        SELECT KURS.ID, KURS."NAME", KURS.DOZENT_MATR, KURS.KURSSPRECHER1_MATR, KURS.KURSSPRECHER2_MATR, KURS.CREATED_AT, KURS.UPDATED_AT FROM KURS [42104-240]
            at app//org.h2.message.DbException.getJdbcSQLException(DbException.java:514)
            at app//org.h2.message.DbException.getJdbcSQLException(DbException.java:489)
            at app//org.h2.message.DbException.get(DbException.java:223)
            at app//org.h2.message.DbException.get(DbException.java:199)
            at app//org.h2.command.Parser.getTableOrViewNotFoundDbException(Parser.java:8036)
            at app//org.h2.command.Parser.getTableOrViewNotFoundDbException(Parser.java:8020)
            at app//org.h2.command.Parser.readTableOrView(Parser.java:7999)
            at app//org.h2.command.Parser.readTablePrimary(Parser.java:1772)
            at app//org.h2.command.Parser.readTableReference(Parser.java:2252)
            at app//org.h2.command.Parser.parseSelectFromPart(Parser.java:2705)
            at app//org.h2.command.Parser.parseSelect(Parser.java:2813)
            at app//org.h2.command.Parser.parseQueryPrimary(Parser.java:2695)
            at app//org.h2.command.Parser.parseQueryTerm(Parser.java:2550)
            at app//org.h2.command.Parser.parseQueryExpressionBody(Parser.java:2529)
            at app//org.h2.command.Parser.parseQueryExpressionBodyAndEndOfQuery(Parser.java:2522)
            at app//org.h2.command.Parser.parseQueryExpression(Parser.java:2515)
            at app//org.h2.command.Parser.parseQuery(Parser.java:2482)
            at app//org.h2.command.Parser.parsePrepared(Parser.java:613)
            at app//org.h2.command.Parser.parse(Parser.java:584)
            at app//org.h2.command.Parser.parse(Parser.java:559)
            at app//org.h2.command.Parser.prepareCommand(Parser.java:487)
            at app//org.h2.engine.SessionLocal.prepareLocal(SessionLocal.java:647)
            at app//org.h2.engine.SessionLocal.prepareCommand(SessionLocal.java:563)
            at app//org.h2.jdbc.JdbcConnection.prepareCommand(JdbcConnection.java:1160)
            at app//org.h2.jdbc.JdbcPreparedStatement.<init>(JdbcPreparedStatement.java:93)
            at app//org.h2.jdbc.JdbcConnection.prepareStatement(JdbcConnection.java:1089)
            at app//org.jetbrains.exposed.sql.statements.jdbc.JdbcConnectionImpl.prepareStatement(JdbcConnectionImpl.kt:77)
            at app//org.jetbrains.exposed.sql.statements.Statement.prepared(Statement.kt:24)
            at app//org.jetbrains.exposed.sql.statements.Statement.executeIn$exposed_core(Statement.kt:47)
            ... 16 more

KursOwnershipIntegrationTest > deleteKurs_throwsAccessDenied_whenUserIsNotInstructor() FAILED
    org.jetbrains.exposed.exceptions.ExposedSQLException: org.h2.jdbc.JdbcSQLSyntaxErrorException: Table "KURS" not found (this database is empty); SQL statement:
    SELECT KURS.ID, KURS."NAME", KURS.DOZENT_MATR, KURS.KURSSPRECHER1_MATR, KURS.KURSSPRECHER2_MATR, KURS.CREATED_AT, KURS.UPDATED_AT FROM KURS [42104-240]
    SQL: [Failed on expanding args for SELECT: org.jetbrains.exposed.sql.Query@640cc04b]
        at app//org.jetbrains.exposed.sql.statements.Statement.executeIn$exposed_core(Statement.kt:49)
        at app//org.jetbrains.exposed.sql.Transaction.exec(Transaction.kt:141)
        at app//org.jetbrains.exposed.sql.Transaction.exec(Transaction.kt:127)
        at app//org.jetbrains.exposed.sql.AbstractQuery.iterator(AbstractQuery.kt:61)
        at app//org.jetbrains.exposed.sql.IterableExKt$mapLazy$1.iterator(IterableEx.kt:136)
        at app//org.boodle.backend.integration.KursOwnershipIntegrationTest.clearAndSetup$lambda$0(KursOwnershipIntegrationTest.kt:204)
        at app//org.jetbrains.exposed.sql.transactions.ThreadLocalTransactionManagerKt.inTopLevelTransaction$run(ThreadLocalTransactionManager.kt:215)
        at app//org.jetbrains.exposed.sql.transactions.ThreadLocalTransactionManagerKt.access$inTopLevelTransaction$run(ThreadLocalTransactionManager.kt:1)
        at app//org.jetbrains.exposed.sql.transactions.ThreadLocalTransactionManagerKt$inTopLevelTransaction$1.invoke(ThreadLocalTransactionManager.kt:241)
        at app//org.jetbrains.exposed.sql.transactions.ThreadLocalTransactionManagerKt.keepAndRestoreTransactionRefAfterRun(ThreadLocalTransactionManager.kt:249)
        at app//org.jetbrains.exposed.sql.transactions.ThreadLocalTransactionManagerKt.inTopLevelTransaction(ThreadLocalTransactionManager.kt:240)
        at app//org.jetbrains.exposed.sql.transactions.ThreadLocalTransactionManagerKt$transaction$1.invoke(ThreadLocalTransactionManager.kt:190)
        at app//org.jetbrains.exposed.sql.transactions.ThreadLocalTransactionManagerKt.keepAndRestoreTransactionRefAfterRun(ThreadLocalTransactionManager.kt:249)
        at app//org.jetbrains.exposed.sql.transactions.ThreadLocalTransactionManagerKt.transaction(ThreadLocalTransactionManager.kt:160)
        at app//org.jetbrains.exposed.sql.transactions.ThreadLocalTransactionManagerKt.transaction(ThreadLocalTransactionManager.kt:146)
        at app//org.jetbrains.exposed.sql.transactions.ThreadLocalTransactionManagerKt.transaction$default(ThreadLocalTransactionManager.kt:145)
        at app//org.boodle.backend.integration.KursOwnershipIntegrationTest.clearAndSetup(KursOwnershipIntegrationTest.kt:48)

        Caused by:
        org.h2.jdbc.JdbcSQLSyntaxErrorException: Table "KURS" not found (this database is empty); SQL statement:
        SELECT KURS.ID, KURS."NAME", KURS.DOZENT_MATR, KURS.KURSSPRECHER1_MATR, KURS.KURSSPRECHER2_MATR, KURS.CREATED_AT, KURS.UPDATED_AT FROM KURS [42104-240]
            at app//org.h2.message.DbException.getJdbcSQLException(DbException.java:514)
            at app//org.h2.message.DbException.getJdbcSQLException(DbException.java:489)
            at app//org.h2.message.DbException.get(DbException.java:223)
            at app//org.h2.message.DbException.get(DbException.java:199)
            at app//org.h2.command.Parser.getTableOrViewNotFoundDbException(Parser.java:8036)
            at app//org.h2.command.Parser.getTableOrViewNotFoundDbException(Parser.java:8020)
            at app//org.h2.command.Parser.readTableOrView(Parser.java:7999)
            at app//org.h2.command.Parser.readTablePrimary(Parser.java:1772)
            at app//org.h2.command.Parser.readTableReference(Parser.java:2252)
            at app//org.h2.command.Parser.parseSelectFromPart(Parser.java:2705)
            at app//org.h2.command.Parser.parseSelect(Parser.java:2813)
            at app//org.h2.command.Parser.parseQueryPrimary(Parser.java:2695)
            at app//org.h2.command.Parser.parseQueryTerm(Parser.java:2550)
            at app//org.h2.command.Parser.parseQueryExpressionBody(Parser.java:2529)
            at app//org.h2.command.Parser.parseQueryExpressionBodyAndEndOfQuery(Parser.java:2522)
            at app//org.h2.command.Parser.parseQueryExpression(Parser.java:2515)
            at app//org.h2.command.Parser.parseQuery(Parser.java:2482)
            at app//org.h2.command.Parser.parsePrepared(Parser.java:613)
            at app//org.h2.command.Parser.parse(Parser.java:584)
            at app//org.h2.command.Parser.parse(Parser.java:559)
            at app//org.h2.command.Parser.prepareCommand(Parser.java:487)
            at app//org.h2.engine.SessionLocal.prepareLocal(SessionLocal.java:647)
            at app//org.h2.engine.SessionLocal.prepareCommand(SessionLocal.java:563)
            at app//org.h2.jdbc.JdbcConnection.prepareCommand(JdbcConnection.java:1160)
            at app//org.h2.jdbc.JdbcPreparedStatement.<init>(JdbcPreparedStatement.java:93)
            at app//org.h2.jdbc.JdbcConnection.prepareStatement(JdbcConnection.java:1089)
            at app//org.jetbrains.exposed.sql.statements.jdbc.JdbcConnectionImpl.prepareStatement(JdbcConnectionImpl.kt:77)
            at app//org.jetbrains.exposed.sql.statements.Statement.prepared(Statement.kt:24)
            at app//org.jetbrains.exposed.sql.statements.Statement.executeIn$exposed_core(Statement.kt:47)
            ... 16 more

KursOwnershipIntegrationTest > updateKurs_succeeds_whenUserIsInstructor() FAILED
    org.jetbrains.exposed.exceptions.ExposedSQLException: org.h2.jdbc.JdbcSQLSyntaxErrorException: Table "KURS" not found (this database is empty); SQL statement:
    SELECT KURS.ID, KURS."NAME", KURS.DOZENT_MATR, KURS.KURSSPRECHER1_MATR, KURS.KURSSPRECHER2_MATR, KURS.CREATED_AT, KURS.UPDATED_AT FROM KURS [42104-240]
    SQL: [Failed on expanding args for SELECT: org.jetbrains.exposed.sql.Query@47f04e4d]
        at app//org.jetbrains.exposed.sql.statements.Statement.executeIn$exposed_core(Statement.kt:49)
        at app//org.jetbrains.exposed.sql.Transaction.exec(Transaction.kt:141)
        at app//org.jetbrains.exposed.sql.Transaction.exec(Transaction.kt:127)
        at app//org.jetbrains.exposed.sql.AbstractQuery.iterator(AbstractQuery.kt:61)
.\gradlew.bat : 
At line:1 char:39
+ ... oodle/backend"; .\gradlew.bat test --tests "*Ownership*" 2>&1 | tee t ...
+                     ~~~~~~~~~~~~~~~~~~~~~~~~~~~~~~~~~~~~~~~~~~~~~
    + CategoryInfo          : NotSpecified: (:String) [], RemoteException
    + FullyQualifiedErrorId : NativeCommandError
 
7 tests completed, 6 failed

FAILURE: Build failed with an exception.

* What went wrong:
Execution failed for task ':test'.
> There were failing tests. See the report at: 
file:///C:/DEV/Boodle/backend/build/reports/tests/test/index.html

* Try:
> Run with --scan to get full insights from a Build Scan (powered by 
Develocity).

BUILD FAILED in 2s
        at app//org.jetbrains.exposed.sql.IterableExKt$mapLazy$1.iterator(IterableEx.kt:136)
        at app//org.boodle.backend.integration.KursOwnershipIntegrationTest.clearAndSetup$lambda$0(KursOwnershipIntegrationTest.kt:204)
        at app//org.jetbrains.exposed.sql.transactions.ThreadLocalTransactionManagerKt.inTopLevelTransaction$run(ThreadLocalTransactionManager.kt:215)
        at app//org.jetbrains.exposed.sql.transactions.ThreadLocalTransactionManagerKt.access$inTopLevelTransaction$run(ThreadLocalTransactionManager.kt:1)
        at app//org.jetbrains.exposed.sql.transactions.ThreadLocalTransactionManagerKt$inTopLevelTransaction$1.invoke(ThreadLocalTransactionManager.kt:241)
        at app//org.jetbrains.exposed.sql.transactions.ThreadLocalTransactionManagerKt.keepAndRestoreTransactionRefAfterRun(ThreadLocalTransactionManager.kt:249)
        at app//org.jetbrains.exposed.sql.transactions.ThreadLocalTransactionManagerKt.inTopLevelTransaction(ThreadLocalTransactionManager.kt:240)
        at app//org.jetbrains.exposed.sql.transactions.ThreadLocalTransactionManagerKt$transaction$1.invoke(ThreadLocalTransactionManager.kt:190)
        at app//org.jetbrains.exposed.sql.transactions.ThreadLocalTransactionManagerKt.keepAndRestoreTransactionRefAfterRun(ThreadLocalTransactionManager.kt:249)
        at app//org.jetbrains.exposed.sql.transactions.ThreadLocalTransactionManagerKt.transaction(ThreadLocalTransactionManager.kt:160)
        at app//org.jetbrains.exposed.sql.transactions.ThreadLocalTransactionManagerKt.transaction(ThreadLocalTransactionManager.kt:146)
        at app//org.jetbrains.exposed.sql.transactions.ThreadLocalTransactionManagerKt.transaction$default(ThreadLocalTransactionManager.kt:145)
        at app//org.boodle.backend.integration.KursOwnershipIntegrationTest.clearAndSetup(KursOwnershipIntegrationTest.kt:48)

        Caused by:
        org.h2.jdbc.JdbcSQLSyntaxErrorException: Table "KURS" not found (this database is empty); SQL statement:
        SELECT KURS.ID, KURS."NAME", KURS.DOZENT_MATR, KURS.KURSSPRECHER1_MATR, KURS.KURSSPRECHER2_MATR, KURS.CREATED_AT, KURS.UPDATED_AT FROM KURS [42104-240]
            at app//org.h2.message.DbException.getJdbcSQLException(DbException.java:514)
            at app//org.h2.message.DbException.getJdbcSQLException(DbException.java:489)
            at app//org.h2.message.DbException.get(DbException.java:223)
            at app//org.h2.message.DbException.get(DbException.java:199)
            at app//org.h2.command.Parser.getTableOrViewNotFoundDbException(Parser.java:8036)
            at app//org.h2.command.Parser.getTableOrViewNotFoundDbException(Parser.java:8020)
            at app//org.h2.command.Parser.readTableOrView(Parser.java:7999)
            at app//org.h2.command.Parser.readTablePrimary(Parser.java:1772)
            at app//org.h2.command.Parser.readTableReference(Parser.java:2252)
            at app//org.h2.command.Parser.parseSelectFromPart(Parser.java:2705)
            at app//org.h2.command.Parser.parseSelect(Parser.java:2813)
            at app//org.h2.command.Parser.parseQueryPrimary(Parser.java:2695)
            at app//org.h2.command.Parser.parseQueryTerm(Parser.java:2550)
            at app//org.h2.command.Parser.parseQueryExpressionBody(Parser.java:2529)
            at app//org.h2.command.Parser.parseQueryExpressionBodyAndEndOfQuery(Parser.java:2522)
            at app//org.h2.command.Parser.parseQueryExpression(Parser.java:2515)
            at app//org.h2.command.Parser.parseQuery(Parser.java:2482)
            at app//org.h2.command.Parser.parsePrepared(Parser.java:613)
            at app//org.h2.command.Parser.parse(Parser.java:584)
            at app//org.h2.command.Parser.parse(Parser.java:559)
            at app//org.h2.command.Parser.prepareCommand(Parser.java:487)
            at app//org.h2.engine.SessionLocal.prepareLocal(SessionLocal.java:647)
            at app//org.h2.engine.SessionLocal.prepareCommand(SessionLocal.java:563)
            at app//org.h2.jdbc.JdbcConnection.prepareCommand(JdbcConnection.java:1160)
            at app//org.h2.jdbc.JdbcPreparedStatement.<init>(JdbcPreparedStatement.java:93)
            at app//org.h2.jdbc.JdbcConnection.prepareStatement(JdbcConnection.java:1089)
            at app//org.jetbrains.exposed.sql.statements.jdbc.JdbcConnectionImpl.prepareStatement(JdbcConnectionImpl.kt:77)
            at app//org.jetbrains.exposed.sql.statements.Statement.prepared(Statement.kt:24)
            at app//org.jetbrains.exposed.sql.statements.Statement.executeIn$exposed_core(Statement.kt:47)
            ... 16 more
5 actionable tasks: 1 executed, 4 up-to-date
Configuration cache entry stored.
